../Core/Src/main.c:78:5:mode1	48	static
../Core/Src/main.c:107:5:mode2	32	static
../Core/Src/main.c:150:5:main	8	static
../Core/Src/main.c:206:6:SystemClock_Config	128	static
../Core/Src/main.c:255:13:MX_I2C1_Init	8	static
../Core/Src/main.c:303:13:MX_SPI1_Init	8	static
../Core/Src/main.c:343:13:MX_TIM2_Init	40	static
../Core/Src/main.c:388:13:MX_USB_PCD_Init	8	static
../Core/Src/main.c:419:13:MX_GPIO_Init	48	static
../Core/Src/main.c:472:6:HAL_TIM_PeriodElapsedCallback	24	static
../Core/Src/main.c:490:6:Error_Handler	4	static,ignoring_inline_asm
