../Core/Src/main.c:79:5:mode1	48	static
../Core/Src/main.c:110:5:mode2	40	static
../Core/Src/main.c:153:5:main	32	static
../Core/Src/main.c:230:6:SystemClock_Config	128	static
../Core/Src/main.c:282:13:MX_I2C1_Init	8	static
../Core/Src/main.c:330:13:MX_I2C2_Init	8	static
../Core/Src/main.c:378:13:MX_SPI1_Init	8	static
../Core/Src/main.c:418:13:MX_USART2_UART_Init	8	static
../Core/Src/main.c:453:13:MX_USB_PCD_Init	8	static
../Core/Src/main.c:484:13:MX_GPIO_Init	48	static
../Core/Src/main.c:541:6:Error_Handler	4	static,ignoring_inline_asm
